// Jest Snapshot v1, https://goo.gl/fbAQLP

exports[`renders correctly 1`] = `
<View
  style={
    Object {
      "backgroundColor": "white",
      "flex": 1,
    }
  }
>
  <View>
    <RCTFBLoginButton
      onChange={[Function]}
      onLoginFinished={[Function]}
      style={
        Object {
          "height": 30,
          "width": 190,
        }
      }
    />
  </View>
</View>
`;
