// Jest Snapshot v1, https://goo.gl/fbAQLP

exports[`renders correctly 1`] = `
<View
  style={
    Object {
      "alignItems": "center",
      "borderBottomColor": "#222222",
      "borderBottomWidth": 0.5,
      "flexDirection": "row",
    }
  }
>
  <View
    style={
      Object {
        "alignItems": "center",
        "flex": 0.5,
        "flexDirection": "column",
        "height": 100,
        "justifyContent": "center",
      }
    }
  >
    <Text
      accessible={true}
      allowFontScaling={true}
      ellipsizeMode="tail"
      style={
        Object {
          "color": "black",
          "fontSize": 32,
        }
      }
    >
      $
      250.00
    </Text>
    <Text
      accessible={true}
      allowFontScaling={true}
      ellipsizeMode="tail"
    >
      Remaining this week
    </Text>
  </View>
  <View
    style={
      Object {
        "alignItems": "center",
        "flex": 0.5,
        "flexDirection": "column",
        "height": 100,
        "justifyContent": "center",
      }
    }
  >
    <Text
      accessible={true}
      allowFontScaling={true}
      ellipsizeMode="tail"
      style={
        Object {
          "color": "black",
          "fontSize": 32,
        }
      }
    >
      $
      0.00
    </Text>
    <Text
      accessible={true}
      allowFontScaling={true}
      ellipsizeMode="tail"
    >
      Spent so far
    </Text>
  </View>
</View>
`;
