// Jest Snapshot v1, https://goo.gl/fbAQLP

exports[`renders correctly 1`] = `
<View>
  <View
    style={
      Object {
        "borderBottomColor": "#222222",
        "borderBottomWidth": 0.5,
        "height": 70,
        "justifyContent": "center",
        "paddingHorizontal": 20,
      }
    }
  >
    <View
      style={
        Array [
          Object {
            "alignItems": "center",
            "flexDirection": "row",
          },
          undefined,
        ]
      }
    >
      <Text
        accessible={true}
        allowFontScaling={true}
        ellipsizeMode="tail"
        style={
          Array [
            Object {
              "fontSize": 20,
            },
            Object {
              "fontSize": 25,
            },
          ]
        }
      >
        $
      </Text>
      <TextInput
        allowFontScaling={true}
        keyboardType="numeric"
        onBlur={[Function]}
        onChangeText={[Function]}
        style={
          Array [
            Object {
              "fontSize": 20,
              "minWidth": 100,
            },
            Object {
              "fontSize": 25,
            },
          ]
        }
        value={undefined}
      />
    </View>
  </View>
  <View
    style={
      Object {
        "borderBottomColor": "#222222",
        "borderBottomWidth": 0.5,
        "height": 70,
        "justifyContent": "center",
        "paddingHorizontal": 20,
      }
    }
  >
    <TextInput
      allowFontScaling={true}
      onChange={[Function]}
      placeholder="Name"
      style={
        Object {
          "fontSize": 25,
        }
      }
    />
  </View>
  <View
    style={
      Object {
        "borderBottomColor": "#222222",
        "borderBottomWidth": 0.5,
        "height": 70,
        "justifyContent": "center",
        "paddingHorizontal": 20,
      }
    }
  >
    <View
      accessibilityComponentType={undefined}
      accessibilityLabel={undefined}
      accessibilityTraits={undefined}
      accessible={true}
      hasTVPreferredFocus={undefined}
      hitSlop={undefined}
      isTVSelectable={true}
      nativeID={undefined}
      onLayout={undefined}
      onResponderGrant={[Function]}
      onResponderMove={[Function]}
      onResponderRelease={[Function]}
      onResponderTerminate={[Function]}
      onResponderTerminationRequest={[Function]}
      onStartShouldSetResponder={[Function]}
      style={
        Array [
          Object {
            "width": 142,
          },
          Object {
            "width": "auto",
          },
        ]
      }
      testID={undefined}
      tvParallaxProperties={undefined}
    >
      <View
        style={
          Array [
            Object {
              "alignItems": "center",
              "flexDirection": "row",
              "height": 40,
              "justifyContent": "center",
            },
            Object {
              "alignItems": "flex-start",
              "height": "auto",
            },
          ]
        }
      >
        <View
          style={
            Array [
              Object {
                "alignItems": "center",
                "borderColor": "#aaa",
                "borderWidth": 1,
                "flex": 1,
                "height": 40,
                "justifyContent": "center",
              },
              Object {
                "alignItems": "flex-start",
                "borderWidth": 0,
                "height": "auto",
              },
              false,
              false,
            ]
          }
        >
          <Text
            accessible={true}
            allowFontScaling={true}
            ellipsizeMode="tail"
            style={
              Array [
                Object {
                  "color": "#333",
                },
                Object {
                  "fontSize": 25,
                },
              ]
            }
          >
            05/02/2018
          </Text>
        </View>
        <Modal
          animationType="none"
          hardwareAccelerated={false}
          onRequestClose={[Function]}
          supportedOrientations={
            Array [
              "portrait",
              "portrait-upside-down",
              "landscape",
              "landscape-left",
              "landscape-right",
            ]
          }
          transparent={true}
          visible={false}
        >
          <View
            style={
              Object {
                "flex": 1,
              }
            }
          >
            <View
              accessibilityComponentType={undefined}
              accessibilityLabel={undefined}
              accessibilityTraits={undefined}
              accessible={true}
              hasTVPreferredFocus={undefined}
              hitSlop={undefined}
              isTVSelectable={true}
              nativeID={undefined}
              onLayout={undefined}
              onResponderGrant={[Function]}
              onResponderMove={[Function]}
              onResponderRelease={[Function]}
              onResponderTerminate={[Function]}
              onResponderTerminationRequest={[Function]}
              onStartShouldSetResponder={[Function]}
              style={
                Object {
                  "alignItems": "flex-end",
                  "backgroundColor": "#00000077",
                  "flex": 1,
                  "flexDirection": "row",
                }
              }
              testID={undefined}
              tvParallaxProperties={undefined}
            >
              <View
                accessibilityComponentType={undefined}
                accessibilityLabel={undefined}
                accessibilityTraits={undefined}
                accessible={true}
                hasTVPreferredFocus={undefined}
                hitSlop={undefined}
                isTVSelectable={true}
                nativeID={undefined}
                onLayout={undefined}
                onResponderGrant={[Function]}
                onResponderMove={[Function]}
                onResponderRelease={[Function]}
                onResponderTerminate={[Function]}
                onResponderTerminationRequest={[Function]}
                onStartShouldSetResponder={[Function]}
                style={
                  Object {
                    "flex": 1,
                  }
                }
                testID={undefined}
                tvParallaxProperties={undefined}
              >
                <View
                  collapsable={undefined}
                  style={
                    Object {
                      "backgroundColor": "#fff",
                      "height": 0,
                      "overflow": "hidden",
                    }
                  }
                >
                  <View
                    pointerEvents="auto"
                  >
                    <View
                      style={
                        Array [
                          Object {
                            "borderTopColor": "#ccc",
                            "borderTopWidth": 1,
                            "marginTop": 42,
                          },
                          undefined,
                        ]
                      }
                    >
                      <RCTDatePicker
                        date={1525244400000}
                        locale={undefined}
                        maximumDate={undefined}
                        minimumDate={undefined}
                        minuteInterval={undefined}
                        mode="date"
                        onChange={[Function]}
                        onResponderTerminationRequest={[Function]}
                        onStartShouldSetResponder={[Function]}
                        style={
                          Object {
                            "height": 216,
                          }
                        }
                        timeZoneOffsetInMinutes={undefined}
                      />
                    </View>
                  </View>
                  <View
                    accessibilityComponentType={undefined}
                    accessibilityLabel={undefined}
                    accessibilityTraits={undefined}
                    accessible={true}
                    hasTVPreferredFocus={undefined}
                    hitSlop={undefined}
                    isTVSelectable={true}
                    nativeID={undefined}
                    onLayout={undefined}
                    onResponderGrant={[Function]}
                    onResponderMove={[Function]}
                    onResponderRelease={[Function]}
                    onResponderTerminate={[Function]}
                    onResponderTerminationRequest={[Function]}
                    onStartShouldSetResponder={[Function]}
                    style={
                      Array [
                        Object {
                          "alignItems": "center",
                          "flexDirection": "row",
                          "height": 42,
                          "justifyContent": "center",
                          "padding": 20,
                          "position": "absolute",
                          "top": 0,
                        },
                        Object {
                          "left": 0,
                        },
                        undefined,
                      ]
                    }
                    testID={undefined}
                    tvParallaxProperties={undefined}
                  >
                    <Text
                      accessible={true}
                      allowFontScaling={true}
                      ellipsizeMode="tail"
                      style={
                        Array [
                          Object {
                            "color": "#46cf98",
                            "fontSize": 16,
                          },
                          Object {
                            "color": "#666",
                          },
                          undefined,
                        ]
                      }
                    >
                      取消
                    </Text>
                  </View>
                  <View
                    accessibilityComponentType={undefined}
                    accessibilityLabel={undefined}
                    accessibilityTraits={undefined}
                    accessible={true}
                    hasTVPreferredFocus={undefined}
                    hitSlop={undefined}
                    isTVSelectable={true}
                    nativeID={undefined}
                    onLayout={undefined}
                    onResponderGrant={[Function]}
                    onResponderMove={[Function]}
                    onResponderRelease={[Function]}
                    onResponderTerminate={[Function]}
                    onResponderTerminationRequest={[Function]}
                    onStartShouldSetResponder={[Function]}
                    style={
                      Array [
                        Object {
                          "alignItems": "center",
                          "flexDirection": "row",
                          "height": 42,
                          "justifyContent": "center",
                          "padding": 20,
                          "position": "absolute",
                          "top": 0,
                        },
                        Object {
                          "right": 0,
                        },
                        undefined,
                      ]
                    }
                    testID={undefined}
                    tvParallaxProperties={undefined}
                  >
                    <Text
                      accessible={true}
                      allowFontScaling={true}
                      ellipsizeMode="tail"
                      style={
                        Array [
                          Object {
                            "color": "#46cf98",
                            "fontSize": 16,
                          },
                          undefined,
                        ]
                      }
                    >
                      确定
                    </Text>
                  </View>
                </View>
              </View>
            </View>
          </View>
        </Modal>
      </View>
    </View>
  </View>
  <View
    style={
      Object {
        "marginHorizontal": 20,
        "marginTop": 20,
      }
    }
  >
    <View
      accessibilityComponentType="button"
      accessibilityLabel="Save new payment"
      accessibilityTraits={
        Array [
          "button",
        ]
      }
      accessible={true}
      collapsable={undefined}
      hasTVPreferredFocus={undefined}
      hitSlop={undefined}
      isTVSelectable={true}
      nativeID={undefined}
      onLayout={undefined}
      onResponderGrant={[Function]}
      onResponderMove={[Function]}
      onResponderRelease={[Function]}
      onResponderTerminate={[Function]}
      onResponderTerminationRequest={[Function]}
      onStartShouldSetResponder={[Function]}
      style={
        Object {
          "opacity": 1,
        }
      }
      testID={undefined}
      tvParallaxProperties={undefined}
    >
      <View
        style={
          Array [
            Object {},
          ]
        }
      >
        <Text
          accessible={true}
          allowFontScaling={true}
          disabled={undefined}
          ellipsizeMode="tail"
          style={
            Array [
              Object {
                "color": "#007AFF",
                "fontSize": 18,
                "padding": 8,
                "textAlign": "center",
              },
              Object {
                "color": "#6A1B9A",
              },
            ]
          }
        >
          SAVE
        </Text>
      </View>
    </View>
  </View>
</View>
`;
