// Jest Snapshot v1, https://goo.gl/fbAQLP

exports[`renders correctly 1`] = `
<View
  accessible={true}
  isTVSelectable={true}
  onResponderGrant={[Function]}
  onResponderMove={[Function]}
  onResponderRelease={[Function]}
  onResponderTerminate={[Function]}
  onResponderTerminationRequest={[Function]}
  onStartShouldSetResponder={[Function]}
  style={null}
>
  <View
    style={
      Object {
        "alignItems": "center",
        "borderBottomColor": "#222222",
        "borderBottomWidth": 0.5,
        "flexDirection": "row",
        "height": 60,
      }
    }
  >
    <View
      style={
        Object {
          "alignItems": "flex-start",
          "flex": 0.15,
          "paddingHorizontal": 20,
        }
      }
    >
      <Text
        style={
          Object {
            "fontSize": 16,
          }
        }
      >
        5/2
      </Text>
    </View>
    <View
      style={
        Object {
          "flex": 0.6,
        }
      }
    >
      <Text
        numberOfLines={2}
        style={
          Object {
            "fontSize": 16,
          }
        }
      >
        Test payment
      </Text>
    </View>
    <View
      style={
        Object {
          "alignItems": "flex-end",
          "flex": 0.25,
          "paddingRight": 20,
        }
      }
    >
      <Text
        style={
          Object {
            "fontSize": 16,
          }
        }
      >
        $1.00
      </Text>
    </View>
  </View>
</View>
`;
